// Jest Snapshot v1, https://goo.gl/fbAQLP

exports[`LoadingScreen loads and matches snapshot 1`] = `ShallowWrapper {}`;
