// Jest Snapshot v1, https://goo.gl/fbAQLP

exports[`ProposalList matches snapshot 1`] = `ShallowWrapper {}`;
